\BOOKMARK [2][-]{section*.2}{\376\377\000L\000e\000v\000e\000l\000\040\0002\000\040\000H\000e\000a\000d\000i\000n\000g\000:\000\040\000F\000l\000u\000s\000h\000\040\000L\000e\000f\000t\000,\000\040\000B\000o\000l\000d\000,\000\040\000T\000i\000t\000l\000e\000\040\000C\000a\000s\000e}{}% 1
\BOOKMARK [2][-]{section*.3}{\376\377\000A\000\040\000L\000e\000v\000e\000l\000\040\0002\000\040\000H\000e\000a\000d\000i\000n\000g\000\040\000W\000i\000t\000h\000o\000u\000t\000\040\000T\000e\000x\000t\000\040\000B\000e\000l\000o\000w\000\040\000I\000t}{}% 2
\BOOKMARK [3][-]{section*.4}{\376\377\000L\000e\000v\000e\000l\000\040\0003\000\040\000H\000e\000a\000d\000i\000n\000g\000:\000\040\000F\000l\000u\000s\000h\000\040\000L\000e\000f\000t\000,\000\040\000B\000o\000l\000d\000\040\000I\000t\000a\000l\000i\000c\000,\000\040\000T\000i\000t\000l\000e\000\040\000C\000a\000s\000e}{section*.3}% 3
\BOOKMARK [3][-]{section*.5}{\376\377\000A\000n\000o\000t\000h\000e\000r\000\040\000L\000e\000v\000e\000l\000\040\0003\000\040\000H\000e\000a\000d\000i\000n\000g}{section*.3}% 4
\BOOKMARK [2][-]{section*.8}{\376\377\000H\000o\000w\000\040\000t\000o\000\040\000C\000i\000t\000e\000\040\000R\000e\000f\000e\000r\000e\000n\000c\000e\000s}{}% 5
